// 重构日志: aac160c4
// 重构日志: 0e6ae40a
// 重构日志: d9984b37
// 同步 ID: c254cfd7 @ Fri Jul 24 00:22:53 UTC 2026
// 同步 ID: 80d9ade7 @ Fri Jul 24 12:34:39 UTC 2026
// 同步 ID: 42eea9ff @ Fri Jul 24 18:41:02 UTC 2026
// 同步 ID: 0a42f616 @ Sat Jul 25 06:37:57 UTC 2026
// 重构日志: 2620bc7e
// 同步 ID: d851888b @ Sun Jul 26 16:00:45 UTC 2026
// 同步 ID: 2029913c @ Sun Jul 26 18:24:44 UTC 2026
// 重构日志: 1692b6b2
// 重构日志: 68271966
// 同步 ID: bad89bfb @ Tue Jul 28 17:19:28 UTC 2026
// 重构日志: 5cead143
// 重构日志: 3e7ab3c3
// 同步 ID: f794fb04 @ Fri Jul 31 15:51:54 UTC 2026
// 重构日志: 435595c1
// 重构日志: ef52e40a
// 重构日志: 3bbb1415
// 重构日志: 2c61af07
// 重构日志: 989d2ab5
// 重构日志: 901af652
// 重构日志: e53720f0
// 同步 ID: 4f98626b @ Thu Aug  6 07:48:02 UTC 2026
// 重构日志: 92b01f7e
// 重构日志: 97d8dcb4
// 重构日志: 973513f5
// 同步 ID: 15930a31 @ Fri Aug  7 08:41:26 UTC 2026
// 同步 ID: d86a27e5 @ Fri Aug  7 12:40:44 UTC 2026
// 同步 ID: 5e98f036 @ Fri Aug  7 14:29:57 UTC 2026
